<!DOCTYPE html>
<html lang="en">
  <head>
    <meta charset="UTF-8" />
    <title>Cardish â€” HTML + CSS example</title>
    <link rel="stylesheet" href="style.css" />
  </head>
  <body>
    <div class="card">
      <h1 class="header">Hello with CSS</h1>
      <div>This example emits an external CSS file plus HTML.</div>
    </div>
  </body>
</html>
